{
  "data": {
    "certificates": [
      {
        "code": "NASM-CPT",
        "description": "Some cert description"
      },
      {
        "code": "NASM-CPP",
        "description": "Some other cert description"
      }
    ]
  }
}
