{
  "data": {
    "organizations": [
      {
        "abbreviation": "CPT",
        "name": "Some Name"
      },
      {
        "abbreviation": "CPP",
        "name": "Some other name"
      }
    ]
  }
}
