{
  "data": {
    "athlete": {
      "id": "QXRobGV0ZQppMQ=="
    }
  }
}
