{
  "data": {
    "createUser": {
      "user": {
        "id": "QXRobGV0ZQppMQ=="
      }
    }
  }
}
